<html>
<body>
<pre>
<h1>礦ision Build Log</h1>
<h2>Project:</h2>
D:\新款电池综合测试仪\200W电池综合测试仪原版\5530Borigin\Project\JK_BTSET.uvproj
Project File Date:  06/08/2018

<h2>Output:</h2>
Build target 'JK_BTSET'
assembling startup_stm32f40_41xxx.s...
compiling system_stm32f4xx.c...
compiling misc.c...
compiling stm32f4xx_adc.c...
compiling stm32f4xx_can.c...
compiling stm32f4xx_crc.c...
compiling stm32f4xx_cryp.c...
compiling stm32f4xx_cryp_aes.c...
compiling stm32f4xx_cryp_des.c...
compiling stm32f4xx_cryp_tdes.c...
compiling stm32f4xx_dac.c...
compiling stm32f4xx_dbgmcu.c...
compiling stm32f4xx_dcmi.c...
compiling stm32f4xx_dma.c...
compiling stm32f4xx_dma2d.c...
compiling stm32f4xx_exti.c...
compiling stm32f4xx_flash.c...
compiling stm32f4xx_flash_ramfunc.c...
compiling stm32f4xx_fsmc.c...
compiling stm32f4xx_gpio.c...
compiling stm32f4xx_hash.c...
compiling stm32f4xx_hash_md5.c...
compiling stm32f4xx_hash_sha1.c...
compiling stm32f4xx_i2c.c...
compiling stm32f4xx_iwdg.c...
compiling stm32f4xx_ltdc.c...
compiling stm32f4xx_pwr.c...
compiling stm32f4xx_rcc.c...
compiling stm32f4xx_rng.c...
compiling stm32f4xx_rtc.c...
compiling stm32f4xx_sai.c...
compiling stm32f4xx_sdio.c...
compiling stm32f4xx_spi.c...
compiling stm32f4xx_syscfg.c...
compiling stm32f4xx_tim.c...
compiling stm32f4xx_usart.c...
compiling stm32f4xx_wwdg.c...
compiling main.c...
..\Include\my_register.h(206): warning:  #1-D: last line of file ends without a newline
..\Include\clock.h(17): warning:  #1-D: last line of file ends without a newline
..\Include\tim6.h(16): warning:  #1-D: last line of file ends without a newline
..\Include\tim1.h(15): warning:  #1-D: last line of file ends without a newline
..\Include\tim2.h(17): warning:  #1-D: last line of file ends without a newline
..\Include\adc.h(17): warning:  #1-D: last line of file ends without a newline
..\Include\gpio.h(7): warning:  #1-D: last line of file ends without a newline
..\Include\my_register.h(206): warning:  #1-D: last line of file ends without a newline
..\Include\usart.h(18): warning:  #1-D: last line of file ends without a newline
..\Include\my_register.h(206): warning:  #1-D: last line of file ends without a newline
..\Include\iwdg.h(17): warning:  #1-D: last line of file ends without a newline
..\Include\my_register.h(206): warning:  #1-D: last line of file ends without a newline
..\Include\my_register.h(206): warning:  #1-D: last line of file ends without a newline
..\Include\flash.h(37): warning:  #1-D: last line of file ends without a newline
..\Include\my_register.h(206): warning:  #1-D: last line of file ends without a newline
..\Include\my_register.h(206): warning:  #1-D: last line of file ends without a newline
..\Include\dac8531.h(16): warning:  #1-D: last line of file ends without a newline
..\Include\my_register.h(206): warning:  #1-D: last line of file ends without a newline
compiling stm32f4xx_it.c...
..\Include\my_register.h(206): warning:  #1-D: last line of file ends without a newline
compiling adc.c...
..\Include\adc.h(17): warning:  #1-D: last line of file ends without a newline
..\Include\my_register.h(206): warning:  #1-D: last line of file ends without a newline
..\drive\adc.c(232): warning:  #1-D: last line of file ends without a newline
compiling AT24C01.c...
..\Include\my_register.h(206): warning:  #1-D: last line of file ends without a newline
..\Include\my_register.h(206): warning:  #1-D: last line of file ends without a newline
..\Include\my_register.h(206): warning:  #1-D: last line of file ends without a newline
..\drive\AT24C01.c(345): warning:  #177-D: function "ee_Delay" was declared but never referenced
compiling BEEP.c...
..\Include\my_register.h(206): warning:  #1-D: last line of file ends without a newline
..\drive\BEEP.c(60): warning:  #1-D: last line of file ends without a newline
compiling bsp_SysTick.c...
..\Include\my_register.h(206): warning:  #1-D: last line of file ends without a newline
..\Include\my_register.h(206): warning:  #1-D: last line of file ends without a newline
compiling flash.c...
..\Include\my_register.h(206): warning:  #1-D: last line of file ends without a newline
..\Include\my_register.h(206): warning:  #1-D: last line of file ends without a newline
..\drive\flash.c(410): warning:  #1-D: last line of file ends without a newline
compiling GPIO.c...
..\Include\gpio.h(7): warning:  #1-D: last line of file ends without a newline
..\Include\my_register.h(206): warning:  #1-D: last line of file ends without a newline
..\drive\GPIO.c(66): warning:  #1-D: last line of file ends without a newline
compiling IIC_24C01.c...
..\Include\my_register.h(206): warning:  #1-D: last line of file ends without a newline
..\Include\my_register.h(206): warning:  #1-D: last line of file ends without a newline
compiling iwdg.c...
compiling key.c...
..\Include\my_register.h(206): warning:  #1-D: last line of file ends without a newline
..\Include\beep.h(15): warning:  #1-D: last line of file ends without a newline
..\Include\my_register.h(206): warning:  #1-D: last line of file ends without a newline
..\Include\flash.h(37): warning:  #1-D: last line of file ends without a newline
..\Include\gpio.h(7): warning:  #1-D: last line of file ends without a newline
..\Include\my_register.h(206): warning:  #1-D: last line of file ends without a newline
..\Include\key.h(23): warning:  #1-D: last line of file ends without a newline
..\drive\key.c(270): warning:  #223-D: function "sLCD_WR_REG" declared implicitly
compiling modbus.c...
..\Include\my_register.h(206): warning:  #1-D: last line of file ends without a newline
..\Include\usart.h(18): warning:  #1-D: last line of file ends without a newline
..\Include\modbus.h(17): warning:  #1-D: last line of file ends without a newline
..\Include\my_register.h(206): warning:  #1-D: last line of file ends without a newline
..\Include\flash.h(37): warning:  #1-D: last line of file ends without a newline
..\drive\modbus.c(813): warning:  #1-D: last line of file ends without a newline
compiling ssd1963.c...
..\Include\my_register.h(206): warning:  #1-D: last line of file ends without a newline
..\Include\my_register.h(206): warning:  #1-D: last line of file ends without a newline
..\drive\ssd1963.c(168): warning:  #550-D: variable "FSMC_NORSRAMTimingInitStructure" was set but never used
compiling TIM1.c...
..\Include\my_register.h(206): warning:  #1-D: last line of file ends without a newline
..\drive\TIM1.c(75): warning:  #1-D: last line of file ends without a newline
compiling TIM2.c...
..\Include\my_register.h(206): warning:  #1-D: last line of file ends without a newline
..\drive\TIM2.c(103): warning:  #1-D: last line of file ends without a newline
compiling TIM6.c...
..\Include\my_register.h(206): warning:  #1-D: last line of file ends without a newline
..\Include\tim6.h(16): warning:  #1-D: last line of file ends without a newline
..\drive\TIM6.c(52): warning:  #1-D: last line of file ends without a newline
compiling usart.c...
..\Include\my_register.h(206): warning:  #1-D: last line of file ends without a newline
compiling TM1650.c...
..\Include\my_register.h(206): warning:  #1-D: last line of file ends without a newline
..\Include\my_register.h(206): warning:  #1-D: last line of file ends without a newline
..\drive\TM1650.c(242): warning:  #1-D: last line of file ends without a newline
compiling clock.c...
..\Include\my_register.h(206): warning:  #1-D: last line of file ends without a newline
compiling DAC8531.c...
..\Include\my_register.h(206): warning:  #1-D: last line of file ends without a newline
..\drive\DAC8531.c(84): warning:  #1-D: last line of file ends without a newline
compiling TM7707.c...
..\Include\GPIO.h(7): warning:  #1-D: last line of file ends without a newline
..\Include\my_register.h(206): warning:  #1-D: last line of file ends without a newline
..\Include\my_register.h(206): warning:  #1-D: last line of file ends without a newline
..\drive\TM7707.c(138): warning:  #940-D: missing return statement at end of non-void function "TM7707_ReadADCValue"
..\drive\TM7707.c(249): warning:  #1-D: last line of file ends without a newline
compiling GUI_X.c...
compiling GUIConf.c...
compiling GUIDRV_Template.c...
..\Include\my_register.h(206): warning:  #1-D: last line of file ends without a newline
..\STemWinLibrary522\Config\GUIDRV_Template.c(264): warning:  #177-D: variable "xPhys" was declared but never referenced
..\STemWinLibrary522\Config\GUIDRV_Template.c(264): warning:  #177-D: variable "yPhys" was declared but never referenced
..\STemWinLibrary522\Config\GUIDRV_Template.c(264): warning:  #177-D: variable "lphys" was declared but never referenced
compiling LCDConf_FlexColor_Template.c...
..\Include\my_register.h(206): warning:  #1-D: last line of file ends without a newline
compiling MainTask.c...
..\Include\adc.h(17): warning:  #1-D: last line of file ends without a newline
..\Include\tim2.h(17): warning:  #1-D: last line of file ends without a newline
..\Include\my_register.h(206): warning:  #1-D: last line of file ends without a newline
..\Include\key.h(23): warning:  #1-D: last line of file ends without a newline
..\Include\beep.h(15): warning:  #1-D: last line of file ends without a newline
..\Include\my_register.h(206): warning:  #1-D: last line of file ends without a newline
..\Include\modbus.h(17): warning:  #1-D: last line of file ends without a newline
..\Include\my_register.h(206): warning:  #1-D: last line of file ends without a newline
..\Include\my_register.h(206): warning:  #1-D: last line of file ends without a newline
..\Include\my_register.h(206): warning:  #1-D: last line of file ends without a newline
..\Include\dac8531.h(16): warning:  #1-D: last line of file ends without a newline
..\Include\GPIO.h(7): warning:  #1-D: last line of file ends without a newline
..\Include\my_register.h(206): warning:  #1-D: last line of file ends without a newline
..\STemWinLibrary522\emWinTask\MainTask.c(45): warning:  #177-D: variable "ucKeyCode" was declared but never referenced
compiling menu.c...
..\Include\my_register.h(206): warning:  #1-D: last line of file ends without a newline
..\APP\menu.c(262): warning:  #1-D: last line of file ends without a newline
compiling R_Face.c...
..\Include\my_register.h(206): warning:  #1-D: last line of file ends without a newline
compiling load_Face.c...
..\Include\my_register.h(206): warning:  #1-D: last line of file ends without a newline
..\APP\load_Face.c(265): warning:  #1-D: last line of file ends without a newline
compiling HZ16.c...
compiling HZ12.c...
compiling usb_core.c...
compiling usb_hcd.c...
compiling usb_hcd_int.c...
compiling usbh_core.c...
compiling usbh_hcs.c...
compiling usbh_ioreq.c...
compiling usbh_stdreq.c...
compiling usbh_msc_bot.c...
compiling usbh_msc_core.c...
compiling usbh_msc_scsi.c...
compiling usb_bsp.c...
compiling usbh_usr.c...
..\USB\USB_APP\usbh_usr.c(19): warning:  #177-D: variable "AppState" was declared but never referenced
linking...
Program Size: Code=80368 RO-data=44972 RW-data=1952 ZI-data=33984  
FromELF: creating hex file...
"..\Output\JK_BTSET.axf" - 0 Error(s), 99 Warning(s).
Load "..\\Output\\JK_BTSET.AXF" 
Internal DLL Error
Build target 'JK_BTSET'
linking...
Program Size: Code=80368 RO-data=44972 RW-data=1952 ZI-data=33984  
FromELF: creating hex file...
"..\Output\JK_BTSET.axf" - 0 Error(s), 0 Warning(s).
Load "..\\Output\\JK_BTSET.AXF" 
* JLink Info: Device "STM32F407VE" selected (512 KB flash, 128 KB RAM).
Set JLink Project File to "D:\新款电池综合测试仪\200W电池综合测试仪原版\5530Borigin\Project\JLinkSettings.ini"
 
JLink info:
------------
DLL: V4.40c, compiled Jan 24 2012 09:30:33
Firmware: J-Link V9 compiled Apr 20 2018 16:47:26
Hardware: V9.40
S/N : 59401576 
Feature(s) : RDI, GDB, FlashDL, FlashBP, JFlash 
 
* JLink Info: Found SWD-DP with ID 0x2BA01477
* JLink Info: TPIU fitted.
* JLink Info: ETM fitted.
* JLink Info:   FPUnit: 6 code (BP) slots and 2 literal slots
* JLink Info: Found Cortex-M4 r0p1, Little endian.
ROMTableAddr = 0xE00FF003
* JLink Info: Found SWD-DP with ID 0x2BA01477
* JLink Info: TPIU fitted.
* JLink Info: ETM fitted.
* JLink Info:   FPUnit: 6 code (BP) slots and 2 literal slots
* JLink Info: Found Cortex-M4 r0p1, Little endian.
 
Target info:
------------
Device: STM32F407VE
VTarget = 3.304V
State of Pins: 
TCK: 0, TDI: 0, TDO: 0, TMS: 1, TRES: 1, TRST: 1
Hardware-Breakpoints: 6
Software-Breakpoints: 8192
Watchpoints:          4
JTAG speed: 2000 kHz
 
No Algorithm found for: 08000000H - 0800FFFFH
No Algorithm found for: 08010000H - 0801ECA7H
Erase skipped!
Load "..\\Output\\JK_BTSET.AXF" 
* JLink Info: Device "STM32F407VE" selected (512 KB flash, 128 KB RAM).
Set JLink Project File to "D:\新款电池综合测试仪\200W电池综合测试仪原版\5530Borigin\Project\JLinkSettings.ini"
 
JLink info:
------------
DLL: V4.40c, compiled Jan 24 2012 09:30:33
Firmware: J-Link V9 compiled Apr 20 2018 16:47:26
Hardware: V9.40
S/N : 59401576 
Feature(s) : RDI, GDB, FlashDL, FlashBP, JFlash 
 
* JLink Info: Found SWD-DP with ID 0x2BA01477
* JLink Info: TPIU fitted.
* JLink Info: ETM fitted.
* JLink Info:   FPUnit: 6 code (BP) slots and 2 literal slots
* JLink Info: Found Cortex-M4 r0p1, Little endian.
ROMTableAddr = 0xE00FF003
* JLink Info: Found SWD-DP with ID 0x2BA01477
* JLink Info: TPIU fitted.
* JLink Info: ETM fitted.
* JLink Info:   FPUnit: 6 code (BP) slots and 2 literal slots
* JLink Info: Found Cortex-M4 r0p1, Little endian.
 
Target info:
------------
Device: STM32F407VE
VTarget = 3.303V
State of Pins: 
TCK: 0, TDI: 0, TDO: 0, TMS: 1, TRES: 1, TRST: 1
Hardware-Breakpoints: 6
Software-Breakpoints: 8192
Watchpoints:          4
JTAG speed: 2000 kHz
 
No Algorithm found for: 08000000H - 0800FFFFH
No Algorithm found for: 08010000H - 0801ECA7H
Erase skipped!
Build target 'JK_BTSET'
linking...
Program Size: Code=80368 RO-data=44972 RW-data=1952 ZI-data=33984  
FromELF: creating hex file...
"..\Output\JK_BTSET.axf" - 0 Error(s), 0 Warning(s).
Load "..\\Output\\JK_BTSET.AXF" 
* JLink Info: Device "STM32F407VE" selected (512 KB flash, 128 KB RAM).
Set JLink Project File to "D:\新款电池综合测试仪\200W电池综合测试仪原版\5530Borigin\Project\JLinkSettings.ini"
 
JLink info:
------------
DLL: V4.40c, compiled Jan 24 2012 09:30:33
Firmware: J-Link V9 compiled Apr 20 2018 16:47:26
Hardware: V9.40
S/N : 59401576 
Feature(s) : RDI, GDB, FlashDL, FlashBP, JFlash 
 
* JLink Info: Found SWD-DP with ID 0x2BA01477
* JLink Info: TPIU fitted.
* JLink Info: ETM fitted.
* JLink Info:   FPUnit: 6 code (BP) slots and 2 literal slots
* JLink Info: Found Cortex-M4 r0p1, Little endian.
ROMTableAddr = 0xE00FF003
* JLink Info: Found SWD-DP with ID 0x2BA01477
* JLink Info: TPIU fitted.
* JLink Info: ETM fitted.
* JLink Info:   FPUnit: 6 code (BP) slots and 2 literal slots
* JLink Info: Found Cortex-M4 r0p1, Little endian.
 
Target info:
------------
Device: STM32F407VE
VTarget = 3.303V
State of Pins: 
TCK: 0, TDI: 0, TDO: 0, TMS: 1, TRES: 1, TRST: 1
Hardware-Breakpoints: 6
Software-Breakpoints: 8192
Watchpoints:          4
JTAG speed: 2000 kHz
 
Erase Done.
Programming Done.
Verify OK.
Build target 'JK_BTSET'
compiling TIM6.c...
..\Include\my_register.h(206): warning:  #1-D: last line of file ends without a newline
..\Include\tim6.h(16): warning:  #1-D: last line of file ends without a newline
..\drive\TIM6.c(87): error:  #20: identifier "resetflag" is undefined
..\drive\TIM6.c(91): warning:  #223-D: function "LCD_Initializtion" declared implicitly
..\drive\TIM6.c(93): warning:  #223-D: function "GUI_Init" declared implicitly
..\drive\TIM6.c(108): error:  #20: identifier "resdone" is undefined
..\drive\TIM6.c(204): warning:  #1-D: last line of file ends without a newline
..\drive\TIM6.c(204): error: At end of source:  #67: expected a "}"
Target not created
Build target 'JK_BTSET'
compiling TIM6.c...
..\Include\my_register.h(206): warning:  #1-D: last line of file ends without a newline
..\Include\tim6.h(16): warning:  #1-D: last line of file ends without a newline
..\drive\TIM6.c(87): error:  #20: identifier "resetflag" is undefined
..\drive\TIM6.c(91): warning:  #223-D: function "LCD_Initializtion" declared implicitly
..\drive\TIM6.c(93): warning:  #223-D: function "GUI_Init" declared implicitly
..\drive\TIM6.c(204): warning:  #1-D: last line of file ends without a newline
Target not created
Build target 'JK_BTSET'
compiling TIM6.c...
..\Include\my_register.h(206): warning:  #1-D: last line of file ends without a newline
..\Include\tim6.h(16): warning:  #1-D: last line of file ends without a newline
..\drive\TIM6.c(94): warning:  #223-D: function "LCD_Initializtion" declared implicitly
..\drive\TIM6.c(96): warning:  #223-D: function "GUI_Init" declared implicitly
..\drive\TIM6.c(207): warning:  #1-D: last line of file ends without a newline
compiling MainTask.c...
..\Include\adc.h(17): warning:  #1-D: last line of file ends without a newline
..\Include\tim2.h(17): warning:  #1-D: last line of file ends without a newline
..\Include\my_register.h(206): warning:  #1-D: last line of file ends without a newline
..\Include\key.h(23): warning:  #1-D: last line of file ends without a newline
..\Include\beep.h(15): warning:  #1-D: last line of file ends without a newline
..\Include\my_register.h(206): warning:  #1-D: last line of file ends without a newline
..\Include\modbus.h(17): warning:  #1-D: last line of file ends without a newline
..\Include\my_register.h(206): warning:  #1-D: last line of file ends without a newline
..\Include\my_register.h(206): warning:  #1-D: last line of file ends without a newline
..\Include\my_register.h(206): warning:  #1-D: last line of file ends without a newline
..\Include\dac8531.h(16): warning:  #1-D: last line of file ends without a newline
..\Include\GPIO.h(7): warning:  #1-D: last line of file ends without a newline
..\Include\my_register.h(206): warning:  #1-D: last line of file ends without a newline
..\STemWinLibrary522\emWinTask\MainTask.c(69): error:  #20: identifier "scancount" is undefined
..\STemWinLibrary522\emWinTask\MainTask.c(72): warning:  #223-D: function "ee_Delay" declared implicitly
..\STemWinLibrary522\emWinTask\MainTask.c(73): error:  #20: identifier "read1963" is undefined
..\STemWinLibrary522\emWinTask\MainTask.c(78): error:  #20: identifier "read1963" is undefined
..\STemWinLibrary522\emWinTask\MainTask.c(80): error:  #20: identifier "resetflag" is undefined
..\STemWinLibrary522\emWinTask\MainTask.c(82): error:  #20: identifier "resetflag" is undefined
..\STemWinLibrary522\emWinTask\MainTask.c(45): warning:  #177-D: variable "ucKeyCode" was declared but never referenced
Target not created
Build target 'JK_BTSET'
compiling MainTask.c...
..\Include\adc.h(17): warning:  #1-D: last line of file ends without a newline
..\Include\tim2.h(17): warning:  #1-D: last line of file ends without a newline
..\Include\my_register.h(206): warning:  #1-D: last line of file ends without a newline
..\Include\key.h(23): warning:  #1-D: last line of file ends without a newline
..\Include\beep.h(15): warning:  #1-D: last line of file ends without a newline
..\Include\my_register.h(206): warning:  #1-D: last line of file ends without a newline
..\Include\modbus.h(17): warning:  #1-D: last line of file ends without a newline
..\Include\my_register.h(206): warning:  #1-D: last line of file ends without a newline
..\Include\my_register.h(206): warning:  #1-D: last line of file ends without a newline
..\Include\my_register.h(206): warning:  #1-D: last line of file ends without a newline
..\Include\dac8531.h(16): warning:  #1-D: last line of file ends without a newline
..\Include\GPIO.h(7): warning:  #1-D: last line of file ends without a newline
..\Include\my_register.h(206): warning:  #1-D: last line of file ends without a newline
..\STemWinLibrary522\emWinTask\MainTask.c(74): warning:  #223-D: function "ee_Delay" declared implicitly
..\STemWinLibrary522\emWinTask\MainTask.c(82): error:  #20: identifier "resetflag" is undefined
..\STemWinLibrary522\emWinTask\MainTask.c(84): error:  #20: identifier "resetflag" is undefined
..\STemWinLibrary522\emWinTask\MainTask.c(47): warning:  #177-D: variable "ucKeyCode" was declared but never referenced
Target not created
Build target 'JK_BTSET'
compiling MainTask.c...
..\Include\adc.h(17): warning:  #1-D: last line of file ends without a newline
..\Include\tim2.h(17): warning:  #1-D: last line of file ends without a newline
..\Include\my_register.h(206): warning:  #1-D: last line of file ends without a newline
..\Include\key.h(23): warning:  #1-D: last line of file ends without a newline
..\Include\beep.h(15): warning:  #1-D: last line of file ends without a newline
..\Include\my_register.h(206): warning:  #1-D: last line of file ends without a newline
..\Include\modbus.h(17): warning:  #1-D: last line of file ends without a newline
..\Include\my_register.h(206): warning:  #1-D: last line of file ends without a newline
..\Include\my_register.h(206): warning:  #1-D: last line of file ends without a newline
..\Include\my_register.h(206): warning:  #1-D: last line of file ends without a newline
..\Include\dac8531.h(16): warning:  #1-D: last line of file ends without a newline
..\Include\GPIO.h(7): warning:  #1-D: last line of file ends without a newline
..\Include\my_register.h(206): warning:  #1-D: last line of file ends without a newline
..\STemWinLibrary522\emWinTask\MainTask.c(75): warning:  #223-D: function "ee_Delay" declared implicitly
..\STemWinLibrary522\emWinTask\MainTask.c(48): warning:  #177-D: variable "ucKeyCode" was declared but never referenced
linking...
..\Output\JK_BTSET.axf: Error: L6218E: Undefined symbol ee_Delay (referred from maintask.o).
Target not created
Build target 'JK_BTSET'
compiling MainTask.c...
..\Include\adc.h(17): warning:  #1-D: last line of file ends without a newline
..\Include\tim2.h(17): warning:  #1-D: last line of file ends without a newline
..\Include\my_register.h(206): warning:  #1-D: last line of file ends without a newline
..\Include\key.h(23): warning:  #1-D: last line of file ends without a newline
..\Include\beep.h(15): warning:  #1-D: last line of file ends without a newline
..\Include\my_register.h(206): warning:  #1-D: last line of file ends without a newline
..\Include\modbus.h(17): warning:  #1-D: last line of file ends without a newline
..\Include\my_register.h(206): warning:  #1-D: last line of file ends without a newline
..\Include\my_register.h(206): warning:  #1-D: last line of file ends without a newline
..\Include\my_register.h(206): warning:  #1-D: last line of file ends without a newline
..\Include\dac8531.h(16): warning:  #1-D: last line of file ends without a newline
..\Include\GPIO.h(7): warning:  #1-D: last line of file ends without a newline
..\Include\my_register.h(206): warning:  #1-D: last line of file ends without a newline
..\STemWinLibrary522\emWinTask\MainTask.c(48): warning:  #177-D: variable "ucKeyCode" was declared but never referenced
linking...
Program Size: Code=80512 RO-data=44972 RW-data=1964 ZI-data=33980  
FromELF: creating hex file...
"..\Output\JK_BTSET.axf" - 0 Error(s), 14 Warning(s).
Build target 'JK_BTSET'
compiling MainTask.c...
..\Include\adc.h(17): warning:  #1-D: last line of file ends without a newline
..\Include\tim2.h(17): warning:  #1-D: last line of file ends without a newline
..\Include\my_register.h(206): warning:  #1-D: last line of file ends without a newline
..\Include\key.h(23): warning:  #1-D: last line of file ends without a newline
..\Include\beep.h(15): warning:  #1-D: last line of file ends without a newline
..\Include\my_register.h(206): warning:  #1-D: last line of file ends without a newline
..\Include\modbus.h(17): warning:  #1-D: last line of file ends without a newline
..\Include\my_register.h(206): warning:  #1-D: last line of file ends without a newline
..\Include\my_register.h(206): warning:  #1-D: last line of file ends without a newline
..\Include\my_register.h(206): warning:  #1-D: last line of file ends without a newline
..\Include\dac8531.h(16): warning:  #1-D: last line of file ends without a newline
..\Include\GPIO.h(7): warning:  #1-D: last line of file ends without a newline
..\Include\my_register.h(206): warning:  #1-D: last line of file ends without a newline
..\STemWinLibrary522\emWinTask\MainTask.c(39): error:  #77-D: this declaration has no storage class or type specifier
..\STemWinLibrary522\emWinTask\MainTask.c(39): error:  #65: expected a ";"
..\STemWinLibrary522\emWinTask\MainTask.c(73): warning:  #12-D: parsing restarts here after previous syntax error
..\STemWinLibrary522\emWinTask\MainTask.c(74): error:  #18: expected a ")"
..\STemWinLibrary522\emWinTask\MainTask.c(74): error:  #77-D: this declaration has no storage class or type specifier
..\STemWinLibrary522\emWinTask\MainTask.c(74): error:  #147: declaration is incompatible with "struct bitDefine flagA" (declared at line 19 of "..\Include\my_register.h")
..\STemWinLibrary522\emWinTask\MainTask.c(75): error:  #169: expected a declaration
..\STemWinLibrary522\emWinTask\MainTask.c(97): warning:  #12-D: parsing restarts here after previous syntax error
..\STemWinLibrary522\emWinTask\MainTask.c(98): warning:  #77-D: this declaration has no storage class or type specifier
..\STemWinLibrary522\emWinTask\MainTask.c(98): error:  #92: identifier-list parameters may only be used in a function definition
..\STemWinLibrary522\emWinTask\MainTask.c(98): error:  #147: declaration is incompatible with "void DAC8531_Send(vu32)" (declared at line 13 of "..\Include\dac8531.h")
..\STemWinLibrary522\emWinTask\MainTask.c(99): error:  #169: expected a declaration
..\STemWinLibrary522\emWinTask\MainTask.c(127): warning:  #12-D: parsing restarts here after previous syntax error
..\STemWinLibrary522\emWinTask\MainTask.c(128): warning:  #1295-D: Deprecated declaration Temp_Comapre - give arg types
..\STemWinLibrary522\emWinTask\MainTask.c(128): warning:  #77-D: this declaration has no storage class or type specifier
..\STemWinLibrary522\emWinTask\MainTask.c(128): error:  #147: declaration is incompatible with "void Temp_Comapre(void)" (declared at line 16 of "..\Include\tim2.h")
..\STemWinLibrary522\emWinTask\MainTask.c(129): warning:  #1295-D: Deprecated declaration BEEP_Ring - give arg types
..\STemWinLibrary522\emWinTask\MainTask.c(129): warning:  #77-D: this declaration has no storage class or type specifier
..\STemWinLibrary522\emWinTask\MainTask.c(129): error:  #147: declaration is incompatible with "void BEEP_Ring(void)" (declared at line 11 of "..\Include\beep.h")
..\STemWinLibrary522\emWinTask\MainTask.c(130): error:  #79: expected a type specifier
..\STemWinLibrary522\emWinTask\MainTask.c(130): warning:  #77-D: this declaration has no storage class or type specifier
..\STemWinLibrary522\emWinTask\MainTask.c(130): error:  #147: declaration is incompatible with "void GUI_Delay(int)" (declared at line 1123 of "..\STemWinLibrary522\inc\GUI.h")
..\STemWinLibrary522\emWinTask\MainTask.c(131): error:  #169: expected a declaration
..\STemWinLibrary522\emWinTask\MainTask.c(134): warning: At end of source:  #12-D: parsing restarts here after previous syntax error
Target not created
Build target 'JK_BTSET'
compiling MainTask.c...
..\Include\adc.h(17): warning:  #1-D: last line of file ends without a newline
..\Include\tim2.h(17): warning:  #1-D: last line of file ends without a newline
..\Include\my_register.h(206): warning:  #1-D: last line of file ends without a newline
..\Include\key.h(23): warning:  #1-D: last line of file ends without a newline
..\Include\beep.h(15): warning:  #1-D: last line of file ends without a newline
..\Include\my_register.h(206): warning:  #1-D: last line of file ends without a newline
..\Include\modbus.h(17): warning:  #1-D: last line of file ends without a newline
..\Include\my_register.h(206): warning:  #1-D: last line of file ends without a newline
..\Include\my_register.h(206): warning:  #1-D: last line of file ends without a newline
..\Include\my_register.h(206): warning:  #1-D: last line of file ends without a newline
..\Include\dac8531.h(16): warning:  #1-D: last line of file ends without a newline
..\Include\GPIO.h(7): warning:  #1-D: last line of file ends without a newline
..\Include\my_register.h(206): warning:  #1-D: last line of file ends without a newline
..\STemWinLibrary522\emWinTask\MainTask.c(55): warning:  #177-D: variable "ucKeyCode" was declared but never referenced
linking...
Program Size: Code=80528 RO-data=44972 RW-data=1964 ZI-data=33980  
FromELF: creating hex file...
"..\Output\JK_BTSET.axf" - 0 Error(s), 14 Warning(s).
Build target 'JK_BTSET'
compiling main.c...
..\Include\my_register.h(206): warning:  #1-D: last line of file ends without a newline
..\Include\clock.h(17): warning:  #1-D: last line of file ends without a newline
..\Include\tim6.h(17): warning:  #1-D: last line of file ends without a newline
..\Include\tim1.h(15): warning:  #1-D: last line of file ends without a newline
..\Include\tim2.h(17): warning:  #1-D: last line of file ends without a newline
..\Include\adc.h(17): warning:  #1-D: last line of file ends without a newline
..\Include\gpio.h(7): warning:  #1-D: last line of file ends without a newline
..\Include\my_register.h(206): warning:  #1-D: last line of file ends without a newline
..\Include\usart.h(18): warning:  #1-D: last line of file ends without a newline
..\Include\my_register.h(206): warning:  #1-D: last line of file ends without a newline
..\Include\iwdg.h(17): warning:  #1-D: last line of file ends without a newline
..\Include\my_register.h(206): warning:  #1-D: last line of file ends without a newline
..\Include\my_register.h(206): warning:  #1-D: last line of file ends without a newline
..\Include\flash.h(37): warning:  #1-D: last line of file ends without a newline
..\Include\my_register.h(206): warning:  #1-D: last line of file ends without a newline
..\Include\my_register.h(206): warning:  #1-D: last line of file ends without a newline
..\Include\dac8531.h(16): warning:  #1-D: last line of file ends without a newline
..\Include\my_register.h(206): warning:  #1-D: last line of file ends without a newline
compiling TIM6.c...
..\Include\my_register.h(206): warning:  #1-D: last line of file ends without a newline
..\Include\tim6.h(17): warning:  #1-D: last line of file ends without a newline
..\drive\TIM6.c(94): warning:  #223-D: function "LCD_Initializtion" declared implicitly
..\drive\TIM6.c(96): warning:  #223-D: function "GUI_Init" declared implicitly
..\drive\TIM6.c(207): warning:  #1-D: last line of file ends without a newline
linking...
Program Size: Code=80628 RO-data=44972 RW-data=1964 ZI-data=33980  
FromELF: creating hex file...
"..\Output\JK_BTSET.axf" - 0 Error(s), 23 Warning(s).
Load "..\\Output\\JK_BTSET.AXF" 
* JLink Info: Device "STM32F407VE" selected (512 KB flash, 128 KB RAM).
Set JLink Project File to "D:\新款电池综合测试仪\200W电池综合测试仪原版\5530Borigin\Project\JLinkSettings.ini"
 
JLink info:
------------
DLL: V4.40c, compiled Jan 24 2012 09:30:33
Firmware: J-Link V9 compiled Apr 20 2018 16:47:26
Hardware: V9.40
S/N : 59401576 
Feature(s) : RDI, GDB, FlashDL, FlashBP, JFlash 
 
* JLink Info: Found SWD-DP with ID 0x2BA01477
* JLink Info: TPIU fitted.
* JLink Info: ETM fitted.
* JLink Info:   FPUnit: 6 code (BP) slots and 2 literal slots
* JLink Info: Found Cortex-M4 r0p1, Little endian.
ROMTableAddr = 0xE00FF003
* JLink Info: Found SWD-DP with ID 0x2BA01477
* JLink Info: TPIU fitted.
* JLink Info: ETM fitted.
* JLink Info:   FPUnit: 6 code (BP) slots and 2 literal slots
* JLink Info: Found Cortex-M4 r0p1, Little endian.
 
Target info:
------------
Device: STM32F407VE
VTarget = 3.311V
State of Pins: 
TCK: 0, TDI: 0, TDO: 0, TMS: 1, TRES: 1, TRST: 1
Hardware-Breakpoints: 6
Software-Breakpoints: 8192
Watchpoints:          4
JTAG speed: 2000 kHz
 
Erase Done.
Programming Done.
Verify OK.
Build target 'JK_BTSET'
compiling TIM6.c...
..\Include\my_register.h(206): warning:  #1-D: last line of file ends without a newline
..\Include\tim6.h(17): warning:  #1-D: last line of file ends without a newline
..\drive\TIM6.c(94): warning:  #223-D: function "LCD_Initializtion" declared implicitly
..\drive\TIM6.c(95): warning:  #223-D: function "sLCD_WR_REG" declared implicitly
..\drive\TIM6.c(96): warning:  #223-D: function "GUI_Init" declared implicitly
..\drive\TIM6.c(207): warning:  #1-D: last line of file ends without a newline
linking...
Program Size: Code=80636 RO-data=44972 RW-data=1964 ZI-data=33980  
FromELF: creating hex file...
"..\Output\JK_BTSET.axf" - 0 Error(s), 6 Warning(s).
Load "..\\Output\\JK_BTSET.AXF" 
* JLink Info: Device "STM32F407VE" selected (512 KB flash, 128 KB RAM).
Set JLink Project File to "D:\新款电池综合测试仪\200W电池综合测试仪原版\5530Borigin\Project\JLinkSettings.ini"
 
JLink info:
------------
DLL: V4.40c, compiled Jan 24 2012 09:30:33
Firmware: J-Link V9 compiled Apr 20 2018 16:47:26
Hardware: V9.40
S/N : 59401576 
Feature(s) : RDI, GDB, FlashDL, FlashBP, JFlash 
 
* JLink Info: Found SWD-DP with ID 0x2BA01477
* JLink Info: TPIU fitted.
* JLink Info: ETM fitted.
* JLink Info:   FPUnit: 6 code (BP) slots and 2 literal slots
* JLink Info: Found Cortex-M4 r0p1, Little endian.
ROMTableAddr = 0xE00FF003
* JLink Info: Found SWD-DP with ID 0x2BA01477
* JLink Info: TPIU fitted.
* JLink Info: ETM fitted.
* JLink Info:   FPUnit: 6 code (BP) slots and 2 literal slots
* JLink Info: Found Cortex-M4 r0p1, Little endian.
 
Target info:
------------
Device: STM32F407VE
VTarget = 3.300V
State of Pins: 
TCK: 0, TDI: 0, TDO: 0, TMS: 1, TRES: 1, TRST: 1
Hardware-Breakpoints: 6
Software-Breakpoints: 8192
Watchpoints:          4
JTAG speed: 2000 kHz
 
Erase Done.
Programming Done.
Verify OK.
Build target 'JK_BTSET'
linking...
Program Size: Code=80636 RO-data=44972 RW-data=1964 ZI-data=33980  
FromELF: creating hex file...
"..\Output\JK_BTSET.axf" - 0 Error(s), 0 Warning(s).
Load "..\\Output\\JK_BTSET.AXF" 
* JLink Info: Device "STM32F407VE" selected (512 KB flash, 128 KB RAM).
Set JLink Project File to "D:\新款电池综合测试仪\200W电池综合测试仪原版\5530Borigin\Project\JLinkSettings.ini"
 
JLink info:
------------
DLL: V4.40c, compiled Jan 24 2012 09:30:33
Firmware: J-Link V9 compiled Apr 20 2018 16:47:26
Hardware: V9.40
S/N : 59401576 
Feature(s) : RDI, GDB, FlashDL, FlashBP, JFlash 
 
Build target 'JK_BTSET'
linking...
Program Size: Code=80636 RO-data=44972 RW-data=1964 ZI-data=33980  
FromELF: creating hex file...
"..\Output\JK_BTSET.axf" - 0 Error(s), 0 Warning(s).
Load "..\\Output\\JK_BTSET.AXF" 
* JLink Info: Device "STM32F407VE" selected (512 KB flash, 128 KB RAM).
Set JLink Project File to "D:\新款电池综合测试仪\200W电池综合测试仪原版\5530Borigin\Project\JLinkSettings.ini"
 
JLink info:
------------
DLL: V4.40c, compiled Jan 24 2012 09:30:33
Firmware: J-Link V9 compiled Apr 20 2018 16:47:26
Hardware: V9.40
S/N : 59401576 
Feature(s) : RDI, GDB, FlashDL, FlashBP, JFlash 
 
* JLink Info: Found SWD-DP with ID 0x2BA01477
* JLink Info: TPIU fitted.
* JLink Info: ETM fitted.
* JLink Info:   FPUnit: 6 code (BP) slots and 2 literal slots
* JLink Info: Found Cortex-M4 r0p1, Little endian.
ROMTableAddr = 0xE00FF003
* JLink Info: Found SWD-DP with ID 0x2BA01477
* JLink Info: TPIU fitted.
* JLink Info: ETM fitted.
* JLink Info:   FPUnit: 6 code (BP) slots and 2 literal slots
* JLink Info: Found Cortex-M4 r0p1, Little endian.
 
Target info:
------------
Device: STM32F407VE
VTarget = 3.304V
State of Pins: 
TCK: 0, TDI: 0, TDO: 0, TMS: 1, TRES: 1, TRST: 1
Hardware-Breakpoints: 6
Software-Breakpoints: 8192
Watchpoints:          4
JTAG speed: 2000 kHz
 
Erase Done.
Programming Done.
Verify OK.
Build target 'JK_BTSET'
assembling startup_stm32f40_41xxx.s...
compiling GUIConf.c...
linking...
Program Size: Code=80636 RO-data=44972 RW-data=1964 ZI-data=65724  
FromELF: creating hex file...
"..\Output\JK_BTSET.axf" - 0 Error(s), 0 Warning(s).
Build target 'JK_BTSET'
linking...
Program Size: Code=80636 RO-data=44972 RW-data=1964 ZI-data=65724  
FromELF: creating hex file...
"..\Output\JK_BTSET.axf" - 0 Error(s), 0 Warning(s).
Load "..\\Output\\JK_BTSET.AXF" 
* JLink Info: Device "STM32F407VE" selected (512 KB flash, 128 KB RAM).
Set JLink Project File to "D:\新款电池综合测试仪\200W电池综合测试仪原版\5530Borigin\Project\JLinkSettings.ini"
 
JLink info:
------------
DLL: V4.40c, compiled Jan 24 2012 09:30:33
Firmware: J-Link V9 compiled Apr 20 2018 16:47:26
Hardware: V9.40
S/N : 59401576 
Feature(s) : RDI, GDB, FlashDL, FlashBP, JFlash 
 
* JLink Info: Found SWD-DP with ID 0x2BA01477
* JLink Info: TPIU fitted.
* JLink Info: ETM fitted.
* JLink Info:   FPUnit: 6 code (BP) slots and 2 literal slots
* JLink Info: Found Cortex-M4 r0p1, Little endian.
ROMTableAddr = 0xE00FF003
* JLink Info: Found SWD-DP with ID 0x2BA01477
* JLink Info: TPIU fitted.
* JLink Info: ETM fitted.
* JLink Info:   FPUnit: 6 code (BP) slots and 2 literal slots
* JLink Info: Found Cortex-M4 r0p1, Little endian.
 
Target info:
------------
Device: STM32F407VE
VTarget = 3.311V
State of Pins: 
TCK: 0, TDI: 0, TDO: 0, TMS: 1, TRES: 1, TRST: 1
Hardware-Breakpoints: 6
Software-Breakpoints: 8192
Watchpoints:          4
JTAG speed: 2000 kHz
 
Erase Done.
Programming Done.
Verify OK.
Build target 'JK_BTSET'
assembling startup_stm32f40_41xxx.s...
linking...
Program Size: Code=80636 RO-data=44972 RW-data=1964 ZI-data=98492  
FromELF: creating hex file...
"..\Output\JK_BTSET.axf" - 0 Error(s), 0 Warning(s).
Load "..\\Output\\JK_BTSET.AXF" 
* JLink Info: Device "STM32F407VE" selected (512 KB flash, 128 KB RAM).
Set JLink Project File to "D:\新款电池综合测试仪\200W电池综合测试仪原版\5530Borigin\Project\JLinkSettings.ini"
 
JLink info:
------------
DLL: V4.40c, compiled Jan 24 2012 09:30:33
Firmware: J-Link V9 compiled Apr 20 2018 16:47:26
Hardware: V9.40
S/N : 59401576 
Feature(s) : RDI, GDB, FlashDL, FlashBP, JFlash 
 
* JLink Info: Found SWD-DP with ID 0x2BA01477
* JLink Info: TPIU fitted.
* JLink Info: ETM fitted.
* JLink Info:   FPUnit: 6 code (BP) slots and 2 literal slots
* JLink Info: Found Cortex-M4 r0p1, Little endian.
ROMTableAddr = 0xE00FF003
* JLink Info: Found SWD-DP with ID 0x2BA01477
* JLink Info: TPIU fitted.
* JLink Info: ETM fitted.
* JLink Info:   FPUnit: 6 code (BP) slots and 2 literal slots
* JLink Info: Found Cortex-M4 r0p1, Little endian.
 
Target info:
------------
Device: STM32F407VE
VTarget = 3.303V
State of Pins: 
TCK: 0, TDI: 0, TDO: 0, TMS: 1, TRES: 1, TRST: 1
Hardware-Breakpoints: 6
Software-Breakpoints: 8192
Watchpoints:          4
JTAG speed: 2000 kHz
 
Erase Done.
Programming Done.
Verify OK.
Build target 'JK_BTSET'
assembling startup_stm32f40_41xxx.s...
linking...
Program Size: Code=80636 RO-data=44972 RW-data=1964 ZI-data=106684  
FromELF: creating hex file...
"..\Output\JK_BTSET.axf" - 0 Error(s), 0 Warning(s).
Load "..\\Output\\JK_BTSET.AXF" 
* JLink Info: Device "STM32F407VE" selected (512 KB flash, 128 KB RAM).
Set JLink Project File to "D:\新款电池综合测试仪\200W电池综合测试仪原版\5530Borigin\Project\JLinkSettings.ini"
 
JLink info:
------------
DLL: V4.40c, compiled Jan 24 2012 09:30:33
Firmware: J-Link V9 compiled Apr 20 2018 16:47:26
Hardware: V9.40
S/N : 59401576 
Feature(s) : RDI, GDB, FlashDL, FlashBP, JFlash 
 
* JLink Info: Found SWD-DP with ID 0x2BA01477
* JLink Info: TPIU fitted.
* JLink Info: ETM fitted.
* JLink Info:   FPUnit: 6 code (BP) slots and 2 literal slots
* JLink Info: Found Cortex-M4 r0p1, Little endian.
ROMTableAddr = 0xE00FF003
* JLink Info: Found SWD-DP with ID 0x2BA01477
* JLink Info: TPIU fitted.
* JLink Info: ETM fitted.
* JLink Info:   FPUnit: 6 code (BP) slots and 2 literal slots
* JLink Info: Found Cortex-M4 r0p1, Little endian.
 
Target info:
------------
Device: STM32F407VE
VTarget = 3.309V
State of Pins: 
TCK: 0, TDI: 0, TDO: 0, TMS: 1, TRES: 1, TRST: 1
Hardware-Breakpoints: 6
Software-Breakpoints: 8192
Watchpoints:          4
JTAG speed: 2000 kHz
 
Erase Done.
Programming Done.
Verify OK.
Build target 'JK_BTSET'
assembling startup_stm32f40_41xxx.s...
linking...
Program Size: Code=80636 RO-data=44972 RW-data=1964 ZI-data=64700  
FromELF: creating hex file...
"..\Output\JK_BTSET.axf" - 0 Error(s), 0 Warning(s).
Build target 'JK_BTSET'
assembling startup_stm32f40_41xxx.s...
linking...
Program Size: Code=80636 RO-data=44972 RW-data=1964 ZI-data=106684  
FromELF: creating hex file...
"..\Output\JK_BTSET.axf" - 0 Error(s), 0 Warning(s).
Load "..\\Output\\JK_BTSET.AXF" 
* JLink Info: Device "STM32F407VE" selected (512 KB flash, 128 KB RAM).
Set JLink Project File to "D:\新款电池综合测试仪\200W电池综合测试仪原版\5530Borigin\Project\JLinkSettings.ini"
 
JLink info:
------------
DLL: V4.40c, compiled Jan 24 2012 09:30:33
Firmware: J-Link V9 compiled Apr 20 2018 16:47:26
Hardware: V9.40
S/N : 59401576 
Feature(s) : RDI, GDB, FlashDL, FlashBP, JFlash 
 
Build target 'JK_BTSET'
linking...
Program Size: Code=80636 RO-data=44972 RW-data=1964 ZI-data=106684  
FromELF: creating hex file...
"..\Output\JK_BTSET.axf" - 0 Error(s), 0 Warning(s).
Load "..\\Output\\JK_BTSET.AXF" 
* JLink Info: Device "STM32F407VE" selected (512 KB flash, 128 KB RAM).
Set JLink Project File to "D:\新款电池综合测试仪\200W电池综合测试仪原版\5530Borigin\Project\JLinkSettings.ini"
 
JLink info:
------------
DLL: V4.40c, compiled Jan 24 2012 09:30:33
Firmware: J-Link V9 compiled Apr 20 2018 16:47:26
Hardware: V9.40
S/N : 59401576 
Feature(s) : RDI, GDB, FlashDL, FlashBP, JFlash 
 
* JLink Info: Found SWD-DP with ID 0x2BA01477
* JLink Info: TPIU fitted.
* JLink Info: ETM fitted.
* JLink Info:   FPUnit: 6 code (BP) slots and 2 literal slots
* JLink Info: Found Cortex-M4 r0p1, Little endian.
ROMTableAddr = 0xE00FF003
* JLink Info: Found SWD-DP with ID 0x2BA01477
* JLink Info: TPIU fitted.
* JLink Info: ETM fitted.
* JLink Info:   FPUnit: 6 code (BP) slots and 2 literal slots
* JLink Info: Found Cortex-M4 r0p1, Little endian.
 
Target info:
------------
Device: STM32F407VE
VTarget = 3.303V
State of Pins: 
TCK: 0, TDI: 0, TDO: 0, TMS: 1, TRES: 1, TRST: 1
Hardware-Breakpoints: 6
Software-Breakpoints: 8192
Watchpoints:          4
JTAG speed: 2000 kHz
 
Erase Done.
Programming Done.
Verify OK.
Build target 'JK_BTSET'
assembling startup_stm32f40_41xxx.s...
..\Libraries\CMSIS\src\startup_stm32f40_41xxx.s(42): error: A1167E: Invalid line start 
Target not created
Build target 'JK_BTSET'
assembling startup_stm32f40_41xxx.s...
..\Libraries\CMSIS\src\startup_stm32f40_41xxx.s(42): error: A1167E: Invalid line start 
Target not created
Build target 'JK_BTSET'
assembling startup_stm32f40_41xxx.s...
linking...
Program Size: Code=80636 RO-data=44972 RW-data=1964 ZI-data=106684  
FromELF: creating hex file...
"..\Output\JK_BTSET.axf" - 0 Error(s), 0 Warning(s).
